ARM Linker, 4.1 [Build 481] [Standard]

==============================================================================

Section Cross References

    startup_stm32f10x_hd.o(RESET) refers to startup_stm32f10x_hd.o(STACK) for __initial_sp
    startup_stm32f10x_hd.o(RESET) refers to startup_stm32f10x_hd.o(.text) for Reset_Handler
    startup_stm32f10x_hd.o(RESET) refers to stm32f10x_it.o(.text) for NMI_Handler
    startup_stm32f10x_hd.o(.text) refers to system_stm32f10x.o(.text) for SystemInit
    startup_stm32f10x_hd.o(.text) refers to entry.o(.ARM.Collect$$$$00000000) for __main
    system_stm32f10x.o(.text) refers to system_stm32f10x.o(.data) for SystemCoreClock
    stm32f10x_gpio.o(.text) refers to stm32f10x_rcc.o(.text) for RCC_APB2PeriphResetCmd
    stm32f10x_rcc.o(.text) refers to stm32f10x_rcc.o(.data) for APBAHBPrescTable
    stm32f10x_spi.o(.text) refers to stm32f10x_rcc.o(.text) for RCC_APB2PeriphResetCmd
    stm32f10x_tim.o(.text) refers to stm32f10x_rcc.o(.text) for RCC_APB2PeriphResetCmd
    bsp_spi_flash.o(.text) refers to stm32f10x_rcc.o(.text) for RCC_APB2PeriphClockCmd
    bsp_spi_flash.o(.text) refers to stm32f10x_gpio.o(.text) for GPIO_Init
    bsp_spi_flash.o(.text) refers to stm32f10x_spi.o(.text) for SPI_Init
    stm32f10x_it.o(.text) refers to stm32f10x_tim.o(.text) for TIM_GetITStatus
    stm32f10x_it.o(.text) refers to main.o(.data) for Gtime
    main.o(.text) refers to bsp_spi_flash.o(.text) for SPI_FLASH_BufferRead
    main.o(.text) refers to dy.o(.text) for Roll_Display_Left_sendB
    main.o(.text) refers to shu.o(.text) for DisplayScore
    main.o(.text) refers to key.o(.text) for FourDirection
    main.o(.text) refers to main.o(.data) for high_score
    main.o(.text) refers to main.o(.bss) for clearscreen
    main.o(.text) refers to main.o(.constdata) for ZuiGaoFen
    main.o(.text) refers to memseta.o(.text) for __aeabi_memclr4
    main.o(.text) refers to memcpya.o(.text) for __aeabi_memcpy4
    main.o(.text) refers to music.o(.text) for PlayMusic
    main.o(.text) refers to bsp_systick.o(.text) for SysTick_Init
    main.o(.text) refers to bsp_timbase.o(.text) for TIM7_Configuration
    main.o(.text) refers to stm32f10x_rcc.o(.text) for RCC_APB1PeriphClockCmd
    bsp_timbase.o(.text) refers to misc.o(.text) for NVIC_PriorityGroupConfig
    bsp_timbase.o(.text) refers to stm32f10x_rcc.o(.text) for RCC_APB1PeriphClockCmd
    bsp_timbase.o(.text) refers to stm32f10x_tim.o(.text) for TIM_TimeBaseInit
    bsp_systick.o(.text) refers to system_stm32f10x.o(.data) for SystemCoreClock
    led.o(.text) refers to stm32f10x_rcc.o(.text) for RCC_APB2PeriphClockCmd
    led.o(.text) refers to stm32f10x_gpio.o(.text) for GPIO_Init
    key.o(.text) refers to stm32f10x_rcc.o(.text) for RCC_APB2PeriphClockCmd
    key.o(.text) refers to stm32f10x_gpio.o(.text) for GPIO_Init
    key.o(.text) refers to main.o(.data) for dir
    dy.o(.text) refers to stm32f10x_gpio.o(.text) for GPIO_ResetBits
    dy.o(.text) refers to key.o(.text) for FourDirection
    dy.o(.text) refers to stm32f10x_rcc.o(.text) for RCC_APB2PeriphClockCmd
    dy.o(.text) refers to main.o(.data) for time
    dy.o(.text) refers to dy.o(.constdata) for OP
    shu.o(.text) refers to stm32f10x_rcc.o(.text) for RCC_APB2PeriphClockCmd
    shu.o(.text) refers to stm32f10x_gpio.o(.text) for GPIO_Init
    shu.o(.text) refers to shu.o(.data) for NumListShi
    music.o(.text) refers to stm32f10x_rcc.o(.text) for RCC_APB2PeriphClockCmd
    music.o(.text) refers to stm32f10x_gpio.o(.text) for GPIO_Init
    music.o(.text) refers to main.o(.data) for time
    entry.o(.ARM.Collect$$$$00000000) refers (Special) to entry7.o(.ARM.Collect$$$$00000007) for _main_init
    entry.o(.ARM.Collect$$$$00000000) refers (Special) to entry5.o(.ARM.Collect$$$$00000004) for _main_scatterload
    entry.o(.ARM.Collect$$$$00000000) refers (Special) to entry2.o(.ARM.Collect$$$$00000001) for _main_stk
    entry2.o(.ARM.Collect$$$$00000001) refers to entry2.o(.ARM.Collect$$$$00002712) for __lit__00000000
    entry2.o(.ARM.Collect$$$$00002712) refers to startup_stm32f10x_hd.o(STACK) for __initial_sp
    entry2.o(__vectab_stack_and_reset_area) refers to startup_stm32f10x_hd.o(STACK) for __initial_sp
    entry2.o(__vectab_stack_and_reset_area) refers to entry.o(.ARM.Collect$$$$00000000) for __main
    entry5.o(.ARM.Collect$$$$00000004) refers to init.o(.text) for __scatterload
    entry7.o(.ARM.Collect$$$$00000007) refers to main.o(.text) for main
    init.o(.text) refers to entry5.o(.ARM.Collect$$$$00000004) for __main_after_scatterload


==============================================================================

Removing Unused input sections from the image.

    Removing startup_stm32f10x_hd.o(HEAP), (512 bytes).
    Removing core_cm3.o(.emb_text), (32 bytes).
    Removing stm32f10x_exti.o(.text), (316 bytes).
    Removing stm32f10x_flash.o(.text), (1480 bytes).
    Removing bsp_systick.o(.data), (4 bytes).
    Removing led.o(.text), (92 bytes).

6 unused section(s) (total 2436 bytes) removed from the image.

==============================================================================

Image Symbol Table

    Local Symbols

    Symbol Name                              Value     Ov Type        Size  Object(Section)

    ../../../cmprslib/zerorunl2.c            0x00000000   Number         0  __dczerorl2.o ABSOLUTE
    ../../microlib/init/entry.s              0x00000000   Number         0  entry2.o ABSOLUTE
    ../../microlib/init/entry.s              0x00000000   Number         0  entry7.o ABSOLUTE
    ../../microlib/init/entry.s              0x00000000   Number         0  entry.o ABSOLUTE
    ../../microlib/init/entry.s              0x00000000   Number         0  entry5.o ABSOLUTE
    ../../microlib/string/memcpy.c           0x00000000   Number         0  memcpyb.o ABSOLUTE
    ../../microlib/string/memcpy.c           0x00000000   Number         0  memcpya.o ABSOLUTE
    ../../microlib/string/memset.c           0x00000000   Number         0  memseta.o ABSOLUTE
    ..\..\Libraries\CMSIS\core_cm3.c         0x00000000   Number         0  core_cm3.o ABSOLUTE
    ..\..\Libraries\CMSIS\startup\startup_stm32f10x_hd.s 0x00000000   Number         0  startup_stm32f10x_hd.o ABSOLUTE
    ..\..\Libraries\CMSIS\system_stm32f10x.c 0x00000000   Number         0  system_stm32f10x.o ABSOLUTE
    ..\..\Libraries\FWlib\src\misc.c         0x00000000   Number         0  misc.o ABSOLUTE
    ..\..\Libraries\FWlib\src\stm32f10x_exti.c 0x00000000   Number         0  stm32f10x_exti.o ABSOLUTE
    ..\..\Libraries\FWlib\src\stm32f10x_flash.c 0x00000000   Number         0  stm32f10x_flash.o ABSOLUTE
    ..\..\Libraries\FWlib\src\stm32f10x_gpio.c 0x00000000   Number         0  stm32f10x_gpio.o ABSOLUTE
    ..\..\Libraries\FWlib\src\stm32f10x_rcc.c 0x00000000   Number         0  stm32f10x_rcc.o ABSOLUTE
    ..\..\Libraries\FWlib\src\stm32f10x_spi.c 0x00000000   Number         0  stm32f10x_spi.o ABSOLUTE
    ..\..\Libraries\FWlib\src\stm32f10x_tim.c 0x00000000   Number         0  stm32f10x_tim.o ABSOLUTE
    ..\..\User\DY\DY.c                       0x00000000   Number         0  dy.o ABSOLUTE
    ..\..\User\SysTick\bsp_SysTick.c         0x00000000   Number         0  bsp_systick.o ABSOLUTE
    ..\..\User\TimBase\bsp_TiMbase.c         0x00000000   Number         0  bsp_timbase.o ABSOLUTE
    ..\..\User\key\key.c                     0x00000000   Number         0  key.o ABSOLUTE
    ..\..\User\led\led.c                     0x00000000   Number         0  led.o ABSOLUTE
    ..\..\User\main.c                        0x00000000   Number         0  main.o ABSOLUTE
    ..\..\User\music\music.c                 0x00000000   Number         0  music.o ABSOLUTE
    ..\..\User\shu\shu.c                     0x00000000   Number         0  shu.o ABSOLUTE
    ..\..\User\spi\bsp_spi_flash.c           0x00000000   Number         0  bsp_spi_flash.o ABSOLUTE
    ..\..\User\stm32f10x_it.c                0x00000000   Number         0  stm32f10x_it.o ABSOLUTE
    ..\\..\\Libraries\\CMSIS\\core_cm3.c     0x00000000   Number         0  core_cm3.o ABSOLUTE
    dc.s                                     0x00000000   Number         0  dc.o ABSOLUTE
    handlers.s                               0x00000000   Number         0  handlers.o ABSOLUTE
    init.s                                   0x00000000   Number         0  init.o ABSOLUTE
    RESET                                    0x08000000   Section      304  startup_stm32f10x_hd.o(RESET)
    .ARM.Collect$$$$00000000                 0x08000130   Section        0  entry.o(.ARM.Collect$$$$00000000)
    .ARM.Collect$$$$00000001                 0x08000130   Section        4  entry2.o(.ARM.Collect$$$$00000001)
    .ARM.Collect$$$$00000004                 0x08000134   Section        4  entry5.o(.ARM.Collect$$$$00000004)
    .ARM.Collect$$$$00000007                 0x08000138   Section        8  entry7.o(.ARM.Collect$$$$00000007)
    .ARM.Collect$$$$00002712                 0x08000140   Section        4  entry2.o(.ARM.Collect$$$$00002712)
    __lit__00000000                          0x08000140   Data           4  entry2.o(.ARM.Collect$$$$00002712)
    .text                                    0x08000144   Section       36  startup_stm32f10x_hd.o(.text)
    .text                                    0x08000168   Section        0  system_stm32f10x.o(.text)
    SetSysClockTo72                          0x08000169   Thumb Code   192  system_stm32f10x.o(.text)
    SetSysClock                              0x08000229   Thumb Code     8  system_stm32f10x.o(.text)
    .text                                    0x08000330   Section        0  misc.o(.text)
    .text                                    0x08000428   Section        0  stm32f10x_gpio.o(.text)
    .text                                    0x08000780   Section        0  stm32f10x_rcc.o(.text)
    .text                                    0x08000b24   Section        0  stm32f10x_spi.o(.text)
    .text                                    0x08000e34   Section        0  stm32f10x_tim.o(.text)
    TI4_Config                               0x080012bd   Thumb Code   118  stm32f10x_tim.o(.text)
    TI3_Config                               0x08001345   Thumb Code   114  stm32f10x_tim.o(.text)
    TI2_Config                               0x080013cd   Thumb Code   118  stm32f10x_tim.o(.text)
    TI1_Config                               0x08001455   Thumb Code   106  stm32f10x_tim.o(.text)
    .text                                    0x08001be4   Section        0  bsp_spi_flash.o(.text)
    .text                                    0x08002064   Section        0  stm32f10x_it.o(.text)
    .text                                    0x080020e4   Section        0  main.o(.text)
    .text                                    0x08007040   Section        0  bsp_timbase.o(.text)
    .text                                    0x080070b4   Section        0  bsp_systick.o(.text)
    .text                                    0x08007128   Section        0  key.o(.text)
    .text                                    0x080075a0   Section        0  dy.o(.text)
    .text                                    0x080098b8   Section        0  shu.o(.text)
    .text                                    0x08009930   Section        0  music.o(.text)
    .text                                    0x08009ab0   Section        0  memcpya.o(.text)
    .text                                    0x08009ad4   Section        0  memseta.o(.text)
    .text                                    0x08009afc   Section       36  init.o(.text)
    .text                                    0x08009b20   Section        0  __dczerorl2.o(.text)
    i.__scatterload_copy                     0x08009b7c   Section       14  handlers.o(i.__scatterload_copy)
    i.__scatterload_null                     0x08009b8a   Section        2  handlers.o(i.__scatterload_null)
    i.__scatterload_zeroinit                 0x08009b8c   Section       14  handlers.o(i.__scatterload_zeroinit)
    .constdata                               0x08009b9c   Section    18318  main.o(.constdata)
    .constdata                               0x0800e32a   Section    326144  dy.o(.constdata)
    .data                                    0x20000000   Section       20  system_stm32f10x.o(.data)
    .data                                    0x20000014   Section       20  stm32f10x_rcc.o(.data)
    APBAHBPrescTable                         0x20000014   Data          16  stm32f10x_rcc.o(.data)
    ADCPrescTable                            0x20000024   Data           4  stm32f10x_rcc.o(.data)
    .data                                    0x20000028   Section    10865  main.o(.data)
    .data                                    0x20002a9c   Section       80  shu.o(.data)
    .bss                                     0x20002aec   Section      522  main.o(.bss)
    STACK                                    0x20002cf8   Section     1024  startup_stm32f10x_hd.o(STACK)

    Global Symbols

    Symbol Name                              Value     Ov Type        Size  Object(Section)

    BuildAttributes$$THM_ISAv4$P$D$K$B$S$PE$A:L22UL41UL21$X:L11$S22US41US21$IEEE1$IW$USESV6$~STKCKD$USESV7$~SHL$OSPACE$EBA8$MICROLIB$REQ8$PRES8$EABIv2 0x00000000   Number         0  anon$$obj.o ABSOLUTE
    __ARM_use_no_argv                        0x00000000   Number         0  main.o ABSOLUTE
    __Vectors_Size                           0x00000130   Number         0  startup_stm32f10x_hd.o ABSOLUTE
    __Vectors                                0x08000000   Data           4  startup_stm32f10x_hd.o(RESET)
    __Vectors_End                            0x08000130   Data           0  startup_stm32f10x_hd.o(RESET)
    __main                                   0x08000131   Thumb Code     0  entry.o(.ARM.Collect$$$$00000000)
    _main_stk                                0x08000131   Thumb Code     0  entry2.o(.ARM.Collect$$$$00000001)
    _main_scatterload                        0x08000135   Thumb Code     0  entry5.o(.ARM.Collect$$$$00000004)
    __main_after_scatterload                 0x08000139   Thumb Code     0  entry5.o(.ARM.Collect$$$$00000004)
    _main_init                               0x08000139   Thumb Code     0  entry7.o(.ARM.Collect$$$$00000007)
    Reset_Handler                            0x08000145   Thumb Code     8  startup_stm32f10x_hd.o(.text)
    ADC1_2_IRQHandler                        0x0800015f   Thumb Code     0  startup_stm32f10x_hd.o(.text)
    ADC3_IRQHandler                          0x0800015f   Thumb Code     0  startup_stm32f10x_hd.o(.text)
    CAN1_RX1_IRQHandler                      0x0800015f   Thumb Code     0  startup_stm32f10x_hd.o(.text)
    CAN1_SCE_IRQHandler                      0x0800015f   Thumb Code     0  startup_stm32f10x_hd.o(.text)
    DMA1_Channel1_IRQHandler                 0x0800015f   Thumb Code     0  startup_stm32f10x_hd.o(.text)
    DMA1_Channel2_IRQHandler                 0x0800015f   Thumb Code     0  startup_stm32f10x_hd.o(.text)
    DMA1_Channel3_IRQHandler                 0x0800015f   Thumb Code     0  startup_stm32f10x_hd.o(.text)
    DMA1_Channel4_IRQHandler                 0x0800015f   Thumb Code     0  startup_stm32f10x_hd.o(.text)
    DMA1_Channel5_IRQHandler                 0x0800015f   Thumb Code     0  startup_stm32f10x_hd.o(.text)
    DMA1_Channel6_IRQHandler                 0x0800015f   Thumb Code     0  startup_stm32f10x_hd.o(.text)
    DMA1_Channel7_IRQHandler                 0x0800015f   Thumb Code     0  startup_stm32f10x_hd.o(.text)
    DMA2_Channel1_IRQHandler                 0x0800015f   Thumb Code     0  startup_stm32f10x_hd.o(.text)
    DMA2_Channel2_IRQHandler                 0x0800015f   Thumb Code     0  startup_stm32f10x_hd.o(.text)
    DMA2_Channel3_IRQHandler                 0x0800015f   Thumb Code     0  startup_stm32f10x_hd.o(.text)
    DMA2_Channel4_5_IRQHandler               0x0800015f   Thumb Code     0  startup_stm32f10x_hd.o(.text)
    EXTI0_IRQHandler                         0x0800015f   Thumb Code     0  startup_stm32f10x_hd.o(.text)
    EXTI15_10_IRQHandler                     0x0800015f   Thumb Code     0  startup_stm32f10x_hd.o(.text)
    EXTI1_IRQHandler                         0x0800015f   Thumb Code     0  startup_stm32f10x_hd.o(.text)
    EXTI2_IRQHandler                         0x0800015f   Thumb Code     0  startup_stm32f10x_hd.o(.text)
    EXTI3_IRQHandler                         0x0800015f   Thumb Code     0  startup_stm32f10x_hd.o(.text)
    EXTI4_IRQHandler                         0x0800015f   Thumb Code     0  startup_stm32f10x_hd.o(.text)
    EXTI9_5_IRQHandler                       0x0800015f   Thumb Code     0  startup_stm32f10x_hd.o(.text)
    FLASH_IRQHandler                         0x0800015f   Thumb Code     0  startup_stm32f10x_hd.o(.text)
    FSMC_IRQHandler                          0x0800015f   Thumb Code     0  startup_stm32f10x_hd.o(.text)
    I2C1_ER_IRQHandler                       0x0800015f   Thumb Code     0  startup_stm32f10x_hd.o(.text)
    I2C1_EV_IRQHandler                       0x0800015f   Thumb Code     0  startup_stm32f10x_hd.o(.text)
    I2C2_ER_IRQHandler                       0x0800015f   Thumb Code     0  startup_stm32f10x_hd.o(.text)
    I2C2_EV_IRQHandler                       0x0800015f   Thumb Code     0  startup_stm32f10x_hd.o(.text)
    PVD_IRQHandler                           0x0800015f   Thumb Code     0  startup_stm32f10x_hd.o(.text)
    RCC_IRQHandler                           0x0800015f   Thumb Code     0  startup_stm32f10x_hd.o(.text)
    RTCAlarm_IRQHandler                      0x0800015f   Thumb Code     0  startup_stm32f10x_hd.o(.text)
    RTC_IRQHandler                           0x0800015f   Thumb Code     0  startup_stm32f10x_hd.o(.text)
    SDIO_IRQHandler                          0x0800015f   Thumb Code     0  startup_stm32f10x_hd.o(.text)
    SPI1_IRQHandler                          0x0800015f   Thumb Code     0  startup_stm32f10x_hd.o(.text)
    SPI2_IRQHandler                          0x0800015f   Thumb Code     0  startup_stm32f10x_hd.o(.text)
    SPI3_IRQHandler                          0x0800015f   Thumb Code     0  startup_stm32f10x_hd.o(.text)
    TAMPER_IRQHandler                        0x0800015f   Thumb Code     0  startup_stm32f10x_hd.o(.text)
    TIM1_BRK_IRQHandler                      0x0800015f   Thumb Code     0  startup_stm32f10x_hd.o(.text)
    TIM1_CC_IRQHandler                       0x0800015f   Thumb Code     0  startup_stm32f10x_hd.o(.text)
    TIM1_TRG_COM_IRQHandler                  0x0800015f   Thumb Code     0  startup_stm32f10x_hd.o(.text)
    TIM1_UP_IRQHandler                       0x0800015f   Thumb Code     0  startup_stm32f10x_hd.o(.text)
    TIM2_IRQHandler                          0x0800015f   Thumb Code     0  startup_stm32f10x_hd.o(.text)
    TIM3_IRQHandler                          0x0800015f   Thumb Code     0  startup_stm32f10x_hd.o(.text)
    TIM4_IRQHandler                          0x0800015f   Thumb Code     0  startup_stm32f10x_hd.o(.text)
    TIM5_IRQHandler                          0x0800015f   Thumb Code     0  startup_stm32f10x_hd.o(.text)
    TIM6_IRQHandler                          0x0800015f   Thumb Code     0  startup_stm32f10x_hd.o(.text)
    TIM8_BRK_IRQHandler                      0x0800015f   Thumb Code     0  startup_stm32f10x_hd.o(.text)
    TIM8_CC_IRQHandler                       0x0800015f   Thumb Code     0  startup_stm32f10x_hd.o(.text)
    TIM8_TRG_COM_IRQHandler                  0x0800015f   Thumb Code     0  startup_stm32f10x_hd.o(.text)
    TIM8_UP_IRQHandler                       0x0800015f   Thumb Code     0  startup_stm32f10x_hd.o(.text)
    UART4_IRQHandler                         0x0800015f   Thumb Code     0  startup_stm32f10x_hd.o(.text)
    UART5_IRQHandler                         0x0800015f   Thumb Code     0  startup_stm32f10x_hd.o(.text)
    USART1_IRQHandler                        0x0800015f   Thumb Code     0  startup_stm32f10x_hd.o(.text)
    USART2_IRQHandler                        0x0800015f   Thumb Code     0  startup_stm32f10x_hd.o(.text)
    USART3_IRQHandler                        0x0800015f   Thumb Code     0  startup_stm32f10x_hd.o(.text)
    USBWakeUp_IRQHandler                     0x0800015f   Thumb Code     0  startup_stm32f10x_hd.o(.text)
    USB_HP_CAN1_TX_IRQHandler                0x0800015f   Thumb Code     0  startup_stm32f10x_hd.o(.text)
    USB_LP_CAN1_RX0_IRQHandler               0x0800015f   Thumb Code     0  startup_stm32f10x_hd.o(.text)
    WWDG_IRQHandler                          0x0800015f   Thumb Code     0  startup_stm32f10x_hd.o(.text)
    SystemInit                               0x08000231   Thumb Code    78  system_stm32f10x.o(.text)
    SystemCoreClockUpdate                    0x0800027f   Thumb Code   142  system_stm32f10x.o(.text)
    NVIC_PriorityGroupConfig                 0x08000331   Thumb Code    10  misc.o(.text)
    NVIC_Init                                0x0800033b   Thumb Code   118  misc.o(.text)
    NVIC_SetVectorTable                      0x080003b1   Thumb Code    12  misc.o(.text)
    NVIC_SystemLPConfig                      0x080003bd   Thumb Code    38  misc.o(.text)
    SysTick_CLKSourceConfig                  0x080003e3   Thumb Code    40  misc.o(.text)
    GPIO_DeInit                              0x08000429   Thumb Code   172  stm32f10x_gpio.o(.text)
    GPIO_AFIODeInit                          0x080004d5   Thumb Code    20  stm32f10x_gpio.o(.text)
    GPIO_Init                                0x080004e9   Thumb Code   274  stm32f10x_gpio.o(.text)
    GPIO_StructInit                          0x080005fb   Thumb Code    16  stm32f10x_gpio.o(.text)
    GPIO_ReadInputDataBit                    0x0800060b   Thumb Code    18  stm32f10x_gpio.o(.text)
    GPIO_ReadInputData                       0x0800061d   Thumb Code     8  stm32f10x_gpio.o(.text)
    GPIO_ReadOutputDataBit                   0x08000625   Thumb Code    18  stm32f10x_gpio.o(.text)
    GPIO_ReadOutputData                      0x08000637   Thumb Code     8  stm32f10x_gpio.o(.text)
    GPIO_SetBits                             0x0800063f   Thumb Code     4  stm32f10x_gpio.o(.text)
    GPIO_ResetBits                           0x08000643   Thumb Code     4  stm32f10x_gpio.o(.text)
    GPIO_WriteBit                            0x08000647   Thumb Code    10  stm32f10x_gpio.o(.text)
    GPIO_Write                               0x08000651   Thumb Code     4  stm32f10x_gpio.o(.text)
    GPIO_PinLockConfig                       0x08000655   Thumb Code    18  stm32f10x_gpio.o(.text)
    GPIO_EventOutputConfig                   0x08000667   Thumb Code    26  stm32f10x_gpio.o(.text)
    GPIO_EventOutputCmd                      0x08000681   Thumb Code     6  stm32f10x_gpio.o(.text)
    GPIO_PinRemapConfig                      0x08000687   Thumb Code   138  stm32f10x_gpio.o(.text)
    GPIO_EXTILineConfig                      0x08000711   Thumb Code    66  stm32f10x_gpio.o(.text)
    GPIO_ETH_MediaInterfaceConfig            0x08000753   Thumb Code     6  stm32f10x_gpio.o(.text)
    RCC_DeInit                               0x08000781   Thumb Code    64  stm32f10x_rcc.o(.text)
    RCC_HSEConfig                            0x080007c1   Thumb Code    70  stm32f10x_rcc.o(.text)
    RCC_GetFlagStatus                        0x08000807   Thumb Code    56  stm32f10x_rcc.o(.text)
    RCC_WaitForHSEStartUp                    0x0800083f   Thumb Code    48  stm32f10x_rcc.o(.text)
    RCC_AdjustHSICalibrationValue            0x0800086f   Thumb Code    20  stm32f10x_rcc.o(.text)
    RCC_HSICmd                               0x08000883   Thumb Code     6  stm32f10x_rcc.o(.text)
    RCC_PLLConfig                            0x08000889   Thumb Code    24  stm32f10x_rcc.o(.text)
    RCC_PLLCmd                               0x080008a1   Thumb Code     6  stm32f10x_rcc.o(.text)
    RCC_SYSCLKConfig                         0x080008a7   Thumb Code    18  stm32f10x_rcc.o(.text)
    RCC_GetSYSCLKSource                      0x080008b9   Thumb Code    10  stm32f10x_rcc.o(.text)
    RCC_HCLKConfig                           0x080008c3   Thumb Code    18  stm32f10x_rcc.o(.text)
    RCC_PCLK1Config                          0x080008d5   Thumb Code    18  stm32f10x_rcc.o(.text)
    RCC_PCLK2Config                          0x080008e7   Thumb Code    20  stm32f10x_rcc.o(.text)
    RCC_ITConfig                             0x080008fb   Thumb Code    30  stm32f10x_rcc.o(.text)
    RCC_USBCLKConfig                         0x08000919   Thumb Code     6  stm32f10x_rcc.o(.text)
    RCC_ADCCLKConfig                         0x0800091f   Thumb Code    18  stm32f10x_rcc.o(.text)
    RCC_LSEConfig                            0x08000931   Thumb Code    44  stm32f10x_rcc.o(.text)
    RCC_LSICmd                               0x0800095d   Thumb Code     6  stm32f10x_rcc.o(.text)
    RCC_RTCCLKConfig                         0x08000963   Thumb Code    12  stm32f10x_rcc.o(.text)
    RCC_RTCCLKCmd                            0x0800096f   Thumb Code     6  stm32f10x_rcc.o(.text)
    RCC_GetClocksFreq                        0x08000975   Thumb Code   192  stm32f10x_rcc.o(.text)
    RCC_AHBPeriphClockCmd                    0x08000a35   Thumb Code    26  stm32f10x_rcc.o(.text)
    RCC_APB2PeriphClockCmd                   0x08000a4f   Thumb Code    26  stm32f10x_rcc.o(.text)
    RCC_APB1PeriphClockCmd                   0x08000a69   Thumb Code    26  stm32f10x_rcc.o(.text)
    RCC_APB2PeriphResetCmd                   0x08000a83   Thumb Code    26  stm32f10x_rcc.o(.text)
    RCC_APB1PeriphResetCmd                   0x08000a9d   Thumb Code    26  stm32f10x_rcc.o(.text)
    RCC_BackupResetCmd                       0x08000ab7   Thumb Code     6  stm32f10x_rcc.o(.text)
    RCC_ClockSecuritySystemCmd               0x08000abd   Thumb Code     6  stm32f10x_rcc.o(.text)
    RCC_MCOConfig                            0x08000ac3   Thumb Code     6  stm32f10x_rcc.o(.text)
    RCC_ClearFlag                            0x08000ac9   Thumb Code    14  stm32f10x_rcc.o(.text)
    RCC_GetITStatus                          0x08000ad7   Thumb Code    20  stm32f10x_rcc.o(.text)
    RCC_ClearITPendingBit                    0x08000aeb   Thumb Code     6  stm32f10x_rcc.o(.text)
    SPI_I2S_DeInit                           0x08000b25   Thumb Code    76  stm32f10x_spi.o(.text)
    SPI_Init                                 0x08000b71   Thumb Code    60  stm32f10x_spi.o(.text)
    I2S_Init                                 0x08000bad   Thumb Code   222  stm32f10x_spi.o(.text)
    SPI_StructInit                           0x08000c8b   Thumb Code    24  stm32f10x_spi.o(.text)
    I2S_StructInit                           0x08000ca3   Thumb Code    20  stm32f10x_spi.o(.text)
    SPI_Cmd                                  0x08000cb7   Thumb Code    24  stm32f10x_spi.o(.text)
    I2S_Cmd                                  0x08000ccf   Thumb Code    24  stm32f10x_spi.o(.text)
    SPI_I2S_ITConfig                         0x08000ce7   Thumb Code    36  stm32f10x_spi.o(.text)
    SPI_I2S_DMACmd                           0x08000d0b   Thumb Code    24  stm32f10x_spi.o(.text)
    SPI_I2S_SendData                         0x08000d23   Thumb Code     4  stm32f10x_spi.o(.text)
    SPI_I2S_ReceiveData                      0x08000d27   Thumb Code     6  stm32f10x_spi.o(.text)
    SPI_NSSInternalSoftwareConfig            0x08000d2d   Thumb Code    30  stm32f10x_spi.o(.text)
    SPI_SSOutputCmd                          0x08000d4b   Thumb Code    24  stm32f10x_spi.o(.text)
    SPI_DataSizeConfig                       0x08000d63   Thumb Code    18  stm32f10x_spi.o(.text)
    SPI_TransmitCRC                          0x08000d75   Thumb Code    10  stm32f10x_spi.o(.text)
    SPI_CalculateCRC                         0x08000d7f   Thumb Code    24  stm32f10x_spi.o(.text)
    SPI_GetCRC                               0x08000d97   Thumb Code    16  stm32f10x_spi.o(.text)
    SPI_GetCRCPolynomial                     0x08000da7   Thumb Code     6  stm32f10x_spi.o(.text)
    SPI_BiDirectionalLineConfig              0x08000dad   Thumb Code    28  stm32f10x_spi.o(.text)
    SPI_I2S_GetFlagStatus                    0x08000dc9   Thumb Code    18  stm32f10x_spi.o(.text)
    SPI_I2S_ClearFlag                        0x08000ddb   Thumb Code     6  stm32f10x_spi.o(.text)
    SPI_I2S_GetITStatus                      0x08000de1   Thumb Code    52  stm32f10x_spi.o(.text)
    SPI_I2S_ClearITPendingBit                0x08000e15   Thumb Code    20  stm32f10x_spi.o(.text)
    TIM_DeInit                               0x08000e35   Thumb Code   424  stm32f10x_tim.o(.text)
    TIM_TimeBaseInit                         0x08000fdd   Thumb Code   122  stm32f10x_tim.o(.text)
    TIM_OC1Init                              0x08001057   Thumb Code   132  stm32f10x_tim.o(.text)
    TIM_OC2Init                              0x080010db   Thumb Code   146  stm32f10x_tim.o(.text)
    TIM_OC3Init                              0x0800116d   Thumb Code   142  stm32f10x_tim.o(.text)
    TIM_OC4Init                              0x080011fb   Thumb Code   172  stm32f10x_tim.o(.text)
    TIM_SetIC4Prescaler                      0x080012a7   Thumb Code    22  stm32f10x_tim.o(.text)
    TIM_SetIC3Prescaler                      0x08001333   Thumb Code    18  stm32f10x_tim.o(.text)
    TIM_SetIC2Prescaler                      0x080013b7   Thumb Code    22  stm32f10x_tim.o(.text)
    TIM_SetIC1Prescaler                      0x08001443   Thumb Code    18  stm32f10x_tim.o(.text)
    TIM_ICInit                               0x080014bf   Thumb Code   150  stm32f10x_tim.o(.text)
    TIM_PWMIConfig                           0x08001555   Thumb Code   124  stm32f10x_tim.o(.text)
    TIM_BDTRConfig                           0x080015d1   Thumb Code    32  stm32f10x_tim.o(.text)
    TIM_TimeBaseStructInit                   0x080015f1   Thumb Code    18  stm32f10x_tim.o(.text)
    TIM_OCStructInit                         0x08001603   Thumb Code    20  stm32f10x_tim.o(.text)
    TIM_ICStructInit                         0x08001617   Thumb Code    18  stm32f10x_tim.o(.text)
    TIM_BDTRStructInit                       0x08001629   Thumb Code    18  stm32f10x_tim.o(.text)
    TIM_Cmd                                  0x0800163b   Thumb Code    24  stm32f10x_tim.o(.text)
    TIM_CtrlPWMOutputs                       0x08001653   Thumb Code    52  stm32f10x_tim.o(.text)
    TIM_ITConfig                             0x08001687   Thumb Code    24  stm32f10x_tim.o(.text)
    TIM_GenerateEvent                        0x0800169f   Thumb Code     4  stm32f10x_tim.o(.text)
    TIM_DMAConfig                            0x080016a3   Thumb Code    10  stm32f10x_tim.o(.text)
    TIM_DMACmd                               0x080016ad   Thumb Code    24  stm32f10x_tim.o(.text)
    TIM_InternalClockConfig                  0x080016c5   Thumb Code    12  stm32f10x_tim.o(.text)
    TIM_SelectInputTrigger                   0x080016d1   Thumb Code    18  stm32f10x_tim.o(.text)
    TIM_ITRxExternalClockConfig              0x080016e3   Thumb Code    24  stm32f10x_tim.o(.text)
    TIM_TIxExternalClockConfig               0x080016fb   Thumb Code    62  stm32f10x_tim.o(.text)
    TIM_ETRConfig                            0x08001739   Thumb Code    24  stm32f10x_tim.o(.text)
    TIM_ETRClockMode1Config                  0x08001751   Thumb Code    54  stm32f10x_tim.o(.text)
    TIM_ETRClockMode2Config                  0x08001787   Thumb Code    32  stm32f10x_tim.o(.text)
    TIM_PrescalerConfig                      0x080017a7   Thumb Code     6  stm32f10x_tim.o(.text)
    TIM_CounterModeConfig                    0x080017ad   Thumb Code    18  stm32f10x_tim.o(.text)
    TIM_EncoderInterfaceConfig               0x080017bf   Thumb Code    62  stm32f10x_tim.o(.text)
    TIM_ForcedOC1Config                      0x080017fd   Thumb Code    18  stm32f10x_tim.o(.text)
    TIM_ForcedOC2Config                      0x0800180f   Thumb Code    22  stm32f10x_tim.o(.text)
    TIM_ForcedOC3Config                      0x08001825   Thumb Code    18  stm32f10x_tim.o(.text)
    TIM_ForcedOC4Config                      0x08001837   Thumb Code    22  stm32f10x_tim.o(.text)
    TIM_ARRPreloadConfig                     0x0800184d   Thumb Code    24  stm32f10x_tim.o(.text)
    TIM_SelectCOM                            0x08001865   Thumb Code    24  stm32f10x_tim.o(.text)
    TIM_SelectCCDMA                          0x0800187d   Thumb Code    24  stm32f10x_tim.o(.text)
    TIM_CCPreloadControl                     0x08001895   Thumb Code    24  stm32f10x_tim.o(.text)
    TIM_OC1PreloadConfig                     0x080018ad   Thumb Code    18  stm32f10x_tim.o(.text)
    TIM_OC2PreloadConfig                     0x080018bf   Thumb Code    22  stm32f10x_tim.o(.text)
    TIM_OC3PreloadConfig                     0x080018d5   Thumb Code    18  stm32f10x_tim.o(.text)
    TIM_OC4PreloadConfig                     0x080018e7   Thumb Code    22  stm32f10x_tim.o(.text)
    TIM_OC1FastConfig                        0x080018fd   Thumb Code    18  stm32f10x_tim.o(.text)
    TIM_OC2FastConfig                        0x0800190f   Thumb Code    22  stm32f10x_tim.o(.text)
    TIM_OC3FastConfig                        0x08001925   Thumb Code    18  stm32f10x_tim.o(.text)
    TIM_OC4FastConfig                        0x08001937   Thumb Code    22  stm32f10x_tim.o(.text)
    TIM_ClearOC1Ref                          0x0800194d   Thumb Code    18  stm32f10x_tim.o(.text)
    TIM_ClearOC2Ref                          0x0800195f   Thumb Code    20  stm32f10x_tim.o(.text)
    TIM_ClearOC3Ref                          0x08001973   Thumb Code    18  stm32f10x_tim.o(.text)
    TIM_ClearOC4Ref                          0x08001985   Thumb Code    20  stm32f10x_tim.o(.text)
    TIM_OC1PolarityConfig                    0x08001999   Thumb Code    18  stm32f10x_tim.o(.text)
    TIM_OC1NPolarityConfig                   0x080019ab   Thumb Code    18  stm32f10x_tim.o(.text)
    TIM_OC2PolarityConfig                    0x080019bd   Thumb Code    22  stm32f10x_tim.o(.text)
    TIM_OC2NPolarityConfig                   0x080019d3   Thumb Code    22  stm32f10x_tim.o(.text)
    TIM_OC3PolarityConfig                    0x080019e9   Thumb Code    22  stm32f10x_tim.o(.text)
    TIM_OC3NPolarityConfig                   0x080019ff   Thumb Code    22  stm32f10x_tim.o(.text)
    TIM_OC4PolarityConfig                    0x08001a15   Thumb Code    22  stm32f10x_tim.o(.text)
    TIM_CCxCmd                               0x08001a2b   Thumb Code    34  stm32f10x_tim.o(.text)
    TIM_CCxNCmd                              0x08001a4d   Thumb Code    34  stm32f10x_tim.o(.text)
    TIM_SelectOCxM                           0x08001a6f   Thumb Code    82  stm32f10x_tim.o(.text)
    TIM_UpdateDisableConfig                  0x08001ac1   Thumb Code    24  stm32f10x_tim.o(.text)
    TIM_UpdateRequestConfig                  0x08001ad9   Thumb Code    24  stm32f10x_tim.o(.text)
    TIM_SelectHallSensor                     0x08001af1   Thumb Code    24  stm32f10x_tim.o(.text)
    TIM_SelectOnePulseMode                   0x08001b09   Thumb Code    18  stm32f10x_tim.o(.text)
    TIM_SelectOutputTrigger                  0x08001b1b   Thumb Code    18  stm32f10x_tim.o(.text)
    TIM_SelectSlaveMode                      0x08001b2d   Thumb Code    18  stm32f10x_tim.o(.text)
    TIM_SelectMasterSlaveMode                0x08001b3f   Thumb Code    18  stm32f10x_tim.o(.text)
    TIM_SetCounter                           0x08001b51   Thumb Code     4  stm32f10x_tim.o(.text)
    TIM_SetAutoreload                        0x08001b55   Thumb Code     4  stm32f10x_tim.o(.text)
    TIM_SetCompare1                          0x08001b59   Thumb Code     4  stm32f10x_tim.o(.text)
    TIM_SetCompare2                          0x08001b5d   Thumb Code     4  stm32f10x_tim.o(.text)
    TIM_SetCompare3                          0x08001b61   Thumb Code     4  stm32f10x_tim.o(.text)
    TIM_SetCompare4                          0x08001b65   Thumb Code     6  stm32f10x_tim.o(.text)
    TIM_SetClockDivision                     0x08001b6b   Thumb Code    18  stm32f10x_tim.o(.text)
    TIM_GetCapture1                          0x08001b7d   Thumb Code     6  stm32f10x_tim.o(.text)
    TIM_GetCapture2                          0x08001b83   Thumb Code     6  stm32f10x_tim.o(.text)
    TIM_GetCapture3                          0x08001b89   Thumb Code     6  stm32f10x_tim.o(.text)
    TIM_GetCapture4                          0x08001b8f   Thumb Code     8  stm32f10x_tim.o(.text)
    TIM_GetCounter                           0x08001b97   Thumb Code     6  stm32f10x_tim.o(.text)
    TIM_GetPrescaler                         0x08001b9d   Thumb Code     6  stm32f10x_tim.o(.text)
    TIM_GetFlagStatus                        0x08001ba3   Thumb Code    18  stm32f10x_tim.o(.text)
    TIM_ClearFlag                            0x08001bb5   Thumb Code     6  stm32f10x_tim.o(.text)
    TIM_GetITStatus                          0x08001bbb   Thumb Code    34  stm32f10x_tim.o(.text)
    TIM_ClearITPendingBit                    0x08001bdd   Thumb Code     6  stm32f10x_tim.o(.text)
    SPI_FLASH_Init                           0x08001be5   Thumb Code   176  bsp_spi_flash.o(.text)
    SPI_FLASH_SendByte                       0x08001c95   Thumb Code    50  bsp_spi_flash.o(.text)
    SPI_FLASH_WaitForWriteEnd                0x08001cc7   Thumb Code    46  bsp_spi_flash.o(.text)
    SPI_FLASH_WriteEnable                    0x08001cf5   Thumb Code    26  bsp_spi_flash.o(.text)
    SPI_FLASH_SectorErase                    0x08001d0f   Thumb Code    62  bsp_spi_flash.o(.text)
    SPI_FLASH_BulkErase                      0x08001d4d   Thumb Code    34  bsp_spi_flash.o(.text)
    SPI_FLASH_PageWrite                      0x08001d6f   Thumb Code    92  bsp_spi_flash.o(.text)
    SPI_FLASH_BufferWrite                    0x08001dcb   Thumb Code   290  bsp_spi_flash.o(.text)
    SPI_FLASH_BufferRead                     0x08001eed   Thumb Code    76  bsp_spi_flash.o(.text)
    SPI_FLASH_ReadID                         0x08001f39   Thumb Code    74  bsp_spi_flash.o(.text)
    SPI_FLASH_ReadDeviceID                   0x08001f83   Thumb Code    56  bsp_spi_flash.o(.text)
    SPI_FLASH_StartReadSequence              0x08001fbb   Thumb Code    42  bsp_spi_flash.o(.text)
    SPI_FLASH_ReadByte                       0x08001fe5   Thumb Code    20  bsp_spi_flash.o(.text)
    SPI_FLASH_SendHalfWord                   0x08001ff9   Thumb Code    48  bsp_spi_flash.o(.text)
    SPI_Flash_PowerDown                      0x08002029   Thumb Code    26  bsp_spi_flash.o(.text)
    SPI_Flash_WAKEUP                         0x08002043   Thumb Code    26  bsp_spi_flash.o(.text)
    NMI_Handler                              0x08002065   Thumb Code     2  stm32f10x_it.o(.text)
    HardFault_Handler                        0x08002067   Thumb Code     4  stm32f10x_it.o(.text)
    MemManage_Handler                        0x0800206b   Thumb Code     4  stm32f10x_it.o(.text)
    BusFault_Handler                         0x0800206f   Thumb Code     4  stm32f10x_it.o(.text)
    UsageFault_Handler                       0x08002073   Thumb Code     4  stm32f10x_it.o(.text)
    SVC_Handler                              0x08002077   Thumb Code     2  stm32f10x_it.o(.text)
    DebugMon_Handler                         0x08002079   Thumb Code     2  stm32f10x_it.o(.text)
    PendSV_Handler                           0x0800207b   Thumb Code     2  stm32f10x_it.o(.text)
    SysTick_Handler                          0x0800207d   Thumb Code    42  stm32f10x_it.o(.text)
    TIM7_IRQHandler                          0x080020a7   Thumb Code    46  stm32f10x_it.o(.text)
    dead                                     0x080020e5   Thumb Code   996  main.o(.text)
    save                                     0x080024c9   Thumb Code    80  main.o(.text)
    FlappyBird                               0x08002519   Thumb Code  1214  main.o(.text)
    Remember                                 0x080029d7   Thumb Code   974  main.o(.text)
    MusicGame                                0x08002da5   Thumb Code  3368  main.o(.text)
    painting                                 0x08003acd   Thumb Code  2390  main.o(.text)
    snake                                    0x08004423   Thumb Code  2744  main.o(.text)
    main                                     0x08004edb   Thumb Code  8490  main.o(.text)
    TIM7_NVIC_Configuration                  0x08007041   Thumb Code    42  bsp_timbase.o(.text)
    TIM7_Configuration                       0x0800706b   Thumb Code    70  bsp_timbase.o(.text)
    SysTick_Init                             0x080070b5   Thumb Code   104  bsp_systick.o(.text)
    KEY_GPIO_Config                          0x08007129   Thumb Code    78  key.o(.text)
    FourDirection                            0x08007177   Thumb Code   210  key.o(.text)
    Keyscan_Down                             0x08007249   Thumb Code    70  key.o(.text)
    Keyscan_Up                               0x0800728f   Thumb Code    70  key.o(.text)
    Keyscan_Right                            0x080072d5   Thumb Code    76  key.o(.text)
    Keyscan_Left                             0x08007321   Thumb Code    76  key.o(.text)
    Keyscan_Esc                              0x0800736d   Thumb Code    70  key.o(.text)
    Keyscan_Enter                            0x080073b3   Thumb Code    60  key.o(.text)
    Keyscan_Select                           0x080073ef   Thumb Code    66  key.o(.text)
    Keyscan_B                                0x08007431   Thumb Code    46  key.o(.text)
    Keyscan_A                                0x0800745f   Thumb Code    46  key.o(.text)
    Snake_Down                               0x0800748d   Thumb Code    56  key.o(.text)
    Snake_Up                                 0x080074c5   Thumb Code    56  key.o(.text)
    Snake_Right                              0x080074fd   Thumb Code    96  key.o(.text)
    Snake_Left                               0x0800755d   Thumb Code    60  key.o(.text)
    DBP_delay                                0x080075a1   Thumb Code    44  dy.o(.text)
    DA                                       0x080075cd   Thumb Code    18  dy.o(.text)
    DBP_sendB                                0x080075df   Thumb Code    62  dy.o(.text)
    delayms                                  0x0800761d   Thumb Code    26  dy.o(.text)
    Right_sendscreen_16                      0x08007637   Thumb Code   378  dy.o(.text)
    Up_sendscreen_16                         0x080077b1   Thumb Code   442  dy.o(.text)
    Left_sendscreen_16                       0x0800796b   Thumb Code   328  dy.o(.text)
    Down_sendscreen_16                       0x08007ab3   Thumb Code   426  dy.o(.text)
    OPV                                      0x08007c5d   Thumb Code   232  dy.o(.text)
    DY_GPIO_Config                           0x08007d45   Thumb Code    76  dy.o(.text)
    DBP_sendscreen_16                        0x08007d91   Thumb Code    42  dy.o(.text)
    Roll_Display_Left_sendB                  0x08007dbb   Thumb Code   586  dy.o(.text)
    Roll_Display_Down_sendB                  0x08008005   Thumb Code   568  dy.o(.text)
    Roll_Display_Up_sendB                    0x0800823d   Thumb Code   552  dy.o(.text)
    Roll_Display_Right_sendB                 0x08008465   Thumb Code   568  dy.o(.text)
    FlappyBird_Left_Roll_Display_sendB       0x0800869d   Thumb Code   580  dy.o(.text)
    FlappyBird_Right_Roll_Display_sendB      0x080088e1   Thumb Code   598  dy.o(.text)
    FlappyBird_Up_Roll_Display_sendB         0x08008b37   Thumb Code   580  dy.o(.text)
    FlappyBird_Down_Roll_Display_sendB       0x08008d7b   Thumb Code   598  dy.o(.text)
    LightChange_Roll_Display_Left_sendB      0x08008fd1   Thumb Code   558  dy.o(.text)
    LightChange_Roll_Display_Down_sendB      0x080091ff   Thumb Code   576  dy.o(.text)
    LightChange_Roll_Display_Up_sendB        0x0800943f   Thumb Code   558  dy.o(.text)
    LightChange_Roll_Display_Right_sendB     0x0800966d   Thumb Code   576  dy.o(.text)
    shu_GPIO_Config                          0x080098b9   Thumb Code    50  shu.o(.text)
    DisplayScore                             0x080098eb   Thumb Code    44  shu.o(.text)
    DisplayScoreClear                        0x08009917   Thumb Code    14  shu.o(.text)
    Music_GPIO_Config                        0x08009931   Thumb Code    72  music.o(.text)
    Next_Wait                                0x08009979   Thumb Code   114  music.o(.text)
    Before_Wait                              0x080099eb   Thumb Code   108  music.o(.text)
    PlayMusic                                0x08009a57   Thumb Code    38  music.o(.text)
    StopMusic                                0x08009a7d   Thumb Code    38  music.o(.text)
    __aeabi_memcpy                           0x08009ab1   Thumb Code    36  memcpya.o(.text)
    __aeabi_memcpy4                          0x08009ab1   Thumb Code     0  memcpya.o(.text)
    __aeabi_memcpy8                          0x08009ab1   Thumb Code     0  memcpya.o(.text)
    __aeabi_memset                           0x08009ad5   Thumb Code    14  memseta.o(.text)
    __aeabi_memset4                          0x08009ad5   Thumb Code     0  memseta.o(.text)
    __aeabi_memset8                          0x08009ad5   Thumb Code     0  memseta.o(.text)
    __aeabi_memclr                           0x08009ae3   Thumb Code     4  memseta.o(.text)
    __aeabi_memclr4                          0x08009ae3   Thumb Code     0  memseta.o(.text)
    __aeabi_memclr8                          0x08009ae3   Thumb Code     0  memseta.o(.text)
    _memset$wrapper                          0x08009ae7   Thumb Code    20  memseta.o(.text)
    __scatterload                            0x08009afd   Thumb Code    28  init.o(.text)
    __scatterload_rt2                        0x08009afd   Thumb Code     0  init.o(.text)
    __decompress                             0x08009b21   Thumb Code     0  __dczerorl2.o(.text)
    __decompress1                            0x08009b21   Thumb Code    92  __dczerorl2.o(.text)
    __scatterload_copy                       0x08009b7d   Thumb Code    14  handlers.o(i.__scatterload_copy)
    __scatterload_null                       0x08009b8b   Thumb Code     2  handlers.o(i.__scatterload_null)
    __scatterload_zeroinit                   0x08009b8d   Thumb Code    14  handlers.o(i.__scatterload_zeroinit)
    JiYiLiDaTiaoZhan                         0x08009b9c   Data        1440  main.o(.constdata)
    ZuiGaoFen                                0x0800a13c   Data        1104  main.o(.constdata)
    FlappyBird_Word                          0x0800a58c   Data        1744  main.o(.constdata)
    GunDongXianShi                           0x0800ac5c   Data        1312  main.o(.constdata)
    KaiShiYouXi                              0x0800b17c   Data        1312  main.o(.constdata)
    JiXuYouXi                                0x0800b69c   Data        1312  main.o(.constdata)
    Name                                     0x0800bbbc   Data        5264  main.o(.constdata)
    PinJiYiShuRu                             0x0800d04c   Data        1696  main.o(.constdata)
    ABDaRen                                  0x0800d6ec   Data        1216  main.o(.constdata)
    DOUBLE                                   0x0800dbac   Data         784  main.o(.constdata)
    HuaShuiMu                                0x0800debc   Data         720  main.o(.constdata)
    OP                                       0x0800e32a   Data       326144  dy.o(.constdata)
    Region$$Table$$Base                      0x0805dd2c   Number         0  anon$$obj.o(Region$$Table)
    Region$$Table$$Limit                     0x0805dd4c   Number         0  anon$$obj.o(Region$$Table)
    SystemCoreClock                          0x20000000   Data           4  system_stm32f10x.o(.data)
    AHBPrescTable                            0x20000004   Data          16  system_stm32f10x.o(.data)
    FenShuWei                                0x20000028   Data        1344  main.o(.data)
    Direction                                0x20000568   Data        1024  main.o(.data)
    one                                      0x20000968   Data         256  main.o(.data)
    two                                      0x20000a68   Data         256  main.o(.data)
    three                                    0x20000b68   Data         256  main.o(.data)
    quitwords                                0x20000c68   Data         448  main.o(.data)
    savewords                                0x20000e28   Data         448  main.o(.data)
    MeiTuHuaHua                              0x20000fe8   Data        1296  main.o(.data)
    new                                      0x200014f8   Data         256  main.o(.data)
    TanChiShe                                0x200015f8   Data        1232  main.o(.data)
    Hi                                       0x20001ac8   Data         256  main.o(.data)
    Lo                                       0x20001bc8   Data         256  main.o(.data)
    DianZhenNumber                           0x20001cc8   Data        1600  main.o(.data)
    QianFang                                 0x20002308   Data        1920  main.o(.data)
    Gtime                                    0x20002a88   Data           1  main.o(.data)
    xsta                                     0x20002a89   Data           1  main.o(.data)
    ysta                                     0x20002a8a   Data           1  main.o(.data)
    random1                                  0x20002a8b   Data           1  main.o(.data)
    random2                                  0x20002a8c   Data           1  main.o(.data)
    random3                                  0x20002a8d   Data           1  main.o(.data)
    random4                                  0x20002a8e   Data           1  main.o(.data)
    random5                                  0x20002a8f   Data           1  main.o(.data)
    random6                                  0x20002a90   Data           1  main.o(.data)
    random7                                  0x20002a91   Data           1  main.o(.data)
    high_score                               0x20002a92   Data           1  main.o(.data)
    time                                     0x20002a94   Data           4  main.o(.data)
    dir                                      0x20002a98   Data           1  main.o(.data)
    NumListGe                                0x20002a9c   Data          40  shu.o(.data)
    NumListShi                               0x20002ac4   Data          40  shu.o(.data)
    clearscreen                              0x20002aec   Data         256  main.o(.bss)
    Select_Array                             0x20002bec   Data         256  main.o(.bss)
    Save_State                               0x20002cec   Data          10  main.o(.bss)
    __initial_sp                             0x200030f8   Data           0  startup_stm32f10x_hd.o(STACK)



==============================================================================

Memory Map of the image

  Image Entry point : 0x08000131

  Load Region LR_IROM1 (Base: 0x08000000, Size: 0x00060838, Max: 0x00080000, ABSOLUTE, COMPRESSED[0x0005e24c])

    Execution Region ER_IROM1 (Base: 0x08000000, Size: 0x0005dd4c, Max: 0x00080000, ABSOLUTE)

    Base Addr    Size         Type   Attr      Idx    E Section Name        Object

    0x08000000   0x00000130   Data   RO            3    RESET               startup_stm32f10x_hd.o
    0x08000130   0x00000000   Code   RO          334  * .ARM.Collect$$$$00000000  mc_w.l(entry.o)(mc_w.l)
    0x08000130   0x00000004   Code   RO          343    .ARM.Collect$$$$00000001  mc_w.l(entry2.o)(mc_w.l)
    0x08000134   0x00000004   Code   RO          346    .ARM.Collect$$$$00000004  mc_w.l(entry5.o)(mc_w.l)
    0x08000138   0x00000008   Code   RO          347    .ARM.Collect$$$$00000007  mc_w.l(entry7.o)(mc_w.l)
    0x08000140   0x00000004   Code   RO          344    .ARM.Collect$$$$00002712  mc_w.l(entry2.o)(mc_w.l)
    0x08000144   0x00000024   Code   RO            4    .text               startup_stm32f10x_hd.o
    0x08000168   0x000001c8   Code   RO           24    .text               system_stm32f10x.o
    0x08000330   0x000000f8   Code   RO           67    .text               misc.o
    0x08000428   0x00000358   Code   RO          113    .text               stm32f10x_gpio.o
    0x08000780   0x000003a4   Code   RO          125    .text               stm32f10x_rcc.o
    0x08000b24   0x00000310   Code   RO          139    .text               stm32f10x_spi.o
    0x08000e34   0x00000dae   Code   RO          151    .text               stm32f10x_tim.o
    0x08001be2   0x00000002   PAD
    0x08001be4   0x00000480   Code   RO          163    .text               bsp_spi_flash.o
    0x08002064   0x00000080   Code   RO          178    .text               stm32f10x_it.o
    0x080020e4   0x00004f5c   Code   RO          194    .text               main.o
    0x08007040   0x00000074   Code   RO          231    .text               bsp_timbase.o
    0x080070b4   0x00000074   Code   RO          243    .text               bsp_systick.o
    0x08007128   0x00000478   Code   RO          276    .text               key.o
    0x080075a0   0x00002318   Code   RO          289    .text               dy.o
    0x080098b8   0x00000078   Code   RO          306    .text               shu.o
    0x08009930   0x00000180   Code   RO          321    .text               music.o
    0x08009ab0   0x00000024   Code   RO          337    .text               mc_w.l(memcpya.o)(mc_w.l)
    0x08009ad4   0x00000026   Code   RO          339    .text               mc_w.l(memseta.o)(mc_w.l)
    0x08009afa   0x00000002   PAD
    0x08009afc   0x00000024   Code   RO          348    .text               mc_w.l(init.o)(mc_w.l)
    0x08009b20   0x0000005c   Code   RO          358    .text               mc_w.l(__dczerorl2.o)(mc_w.l)
    0x08009b7c   0x0000000e   Code   RO          352    i.__scatterload_copy  mc_w.l(handlers.o)(mc_w.l)
    0x08009b8a   0x00000002   Code   RO          353    i.__scatterload_null  mc_w.l(handlers.o)(mc_w.l)
    0x08009b8c   0x0000000e   Code   RO          354    i.__scatterload_zeroinit  mc_w.l(handlers.o)(mc_w.l)
    0x08009b9a   0x00000002   PAD
    0x08009b9c   0x0000478e   Data   RO          196    .constdata          main.o
    0x0800e32a   0x0004fa00   Data   RO          290    .constdata          dy.o
    0x0805dd2a   0x00000002   PAD
    0x0805dd2c   0x00000020   Data   RO          350    Region$$Table       anon$$obj.o


    Execution Region RW_IRAM1 (Base: 0x20000000, Size: 0x000030f8, Max: 0x00010000, ABSOLUTE, COMPRESSED[0x00000500])

    Base Addr    Size         Type   Attr      Idx    E Section Name        Object

    0x20000000   0x00000014   Data   RW           25    .data               system_stm32f10x.o
    0x20000014   0x00000014   Data   RW          126    .data               stm32f10x_rcc.o
    0x20000028   0x00002a71   Data   RW          197    .data               main.o
    0x20002a99   0x00000003   PAD
    0x20002a9c   0x00000050   Data   RW          307    .data               shu.o
    0x20002aec   0x0000020a   Zero   RW          195    .bss                main.o
    0x20002cf6   0x00000002   PAD
    0x20002cf8   0x00000400   Zero   RW            1    STACK               startup_stm32f10x_hd.o


==============================================================================

Image component sizes


      Code (inc. data)   RO Data    RW Data    ZI Data      Debug   Object Name

      1152         18          0          0          0          0   bsp_spi_flash.o
       116         12          0          0          0          0   bsp_systick.o
       116          4          0          0          0          0   bsp_timbase.o
         0          0          0          0          0          0   core_cm3.o
      8984        158     326144          0          0          0   dy.o
      1144         44          0          0          0          0   key.o
     20316        926      18318      10865        522          0   main.o
       248         30          0          0          0          0   misc.o
       384         14          0          0          0          0   music.o
       120         12          0         80          0          0   shu.o
        36          8        304          0       1024          0   startup_stm32f10x_hd.o
       856         40          0          0          0          0   stm32f10x_gpio.o
       128         16          0          0          0          0   stm32f10x_it.o
       932         52          0         20          0          0   stm32f10x_rcc.o
       784         12          0          0          0          0   stm32f10x_spi.o
      3502         86          0          0          0          0   stm32f10x_tim.o
       456         36          0         20          0          0   system_stm32f10x.o

    ----------------------------------------------------------------------
     39276       1468     344800      10988       1548          0   Object Totals
         0          0         32          0          0          0   (incl. Generated)
         2          0          2          3          2          3   (incl. Padding)

    ----------------------------------------------------------------------

      Code (inc. data)   RO Data    RW Data    ZI Data      Debug   Library Member Name

        92          0          0          0          0          0   __dczerorl2.o
         0          0          0          0          0          0   entry.o
         8          4          0          0          0          0   entry2.o
         4          0          0          0          0          0   entry5.o
         8          4          0          0          0          0   entry7.o
        30          0          0          0          0          0   handlers.o
        36          8          0          0          0          0   init.o
        36          0          0          0          0          0   memcpya.o
        38          0          0          0          0          0   memseta.o

    ----------------------------------------------------------------------
       256         16          0          0          0          0   Library Totals
         4          0          0          0          0          0   (incl. Padding)

    ----------------------------------------------------------------------

      Code (inc. data)   RO Data    RW Data    ZI Data      Debug   Library Name

       252         16          0          0          0        244   mc_w.l

    ----------------------------------------------------------------------
       256         16          0          0          0          0   Library Totals

    ----------------------------------------------------------------------

==============================================================================


      Code (inc. data)   RO Data    RW Data    ZI Data      Debug   

     39532       1484     344800      10988       1548     364048   Grand Totals
     39532       1484     344800       1280       1548     364048   ELF Image Totals (compressed)
     39532       1484     344800       1280          0          0   ROM Totals

==============================================================================

    Total RO  Size (Code + RO Data)               384332 ( 375.32kB)
    Total RW  Size (RW Data + ZI Data)             12536 (  12.24kB)
    Total ROM Size (Code + RO Data + RW Data)     385612 ( 376.57kB)

==============================================================================

